// Jest Snapshot v1, https://goo.gl/fbAQLP

exports[`Open_Weather_Search should match snapshot 1`] = `
<div
  className="app-open-weather-search"
>
  <h3>
    Current weather in your city
  </h3>
  <input
    name="cityName"
    onChange={[Function]}
    onKeyUp={[Function]}
    placeholder="Your city name"
    type="text"
    value=""
  />
  <label>
    <input
      name="isCityList"
      onChange={[Function]}
      type="checkbox"
      value={false}
    />
    <span>
      List of cities
    </span>
  </label>
  <button
    onClick={[Function]}
    type="button"
  >
    Search
  </button>
  <img
    className="app-preload displayNone"
    src="./images/loader.gif"
  />
</div>
`;
